// Jest Snapshot v1, https://goo.gl/fbAQLP

exports[`About component matches snapshot DOM node structure 1`] = `
<DocumentFragment>
  <div
    class="container"
  >
    <div
      id="about-han"
    >
      <h1>
        About Me
      </h1>
      <img
        alt="han-solo"
        src="han-solo.png"
      />
      <div>
        <p>
          <strong>
            Character Height:
          </strong>
          180
        </p>
        <p>
          <strong>
            Character Weight: 
          </strong>
          80
        </p>
        <p>
          <strong>
            Character Hair Color:
          </strong>
          brown
        </p>
        <p>
          <strong>
            Character Birth date:
          </strong>
          29BBY
        </p>
      </div>
    </div>
  </div>
</DocumentFragment>
`;

exports[`Navigation component matches snapshot 1`] = `
<DocumentFragment>
  <div>
    <nav>
      <ul
        class="nav nav-tabs"
      >
        <li
          class="nav-item"
          id="nav-items"
        >
          <a
            class="nav-link"
            href="#about"
          >
            About
          </a>
        </li>
        <li
          class="nav-item"
          id="nav-items"
        >
          <a
            class="nav-link"
            href="#films"
          >
            Films
          </a>
        </li>
        <li
          class="nav-item"
          id="nav-items"
        >
          <a
            class="nav-link"
            href="#starships"
          >
            Starships
          </a>
        </li>
      </ul>
    </nav>
  </div>
</DocumentFragment>
`;
